inSequence: 
  - b

  - c


  # Between comments

  # Comment

inMap: 
  key1: v

  key2: v
